--------------------------------------------------------------------------------------
Timing Analyzer Summary
--------------------------------------------------------------------------------------

Type           : Worst-case tsu
Slack          : N/A
Required Time  : None
Actual Time    : 7.949 ns
From           : rst_n
To             : ASCII[2][1]
From Clock     : --
To Clock       : clk
Failed Paths   : 0

Type           : Worst-case tco
Slack          : N/A
Required Time  : None
Actual Time    : 8.783 ns
From           : ASCII[4][2]
To             : Seven_Segment[2]
From Clock     : clk
To Clock       : --
Failed Paths   : 0

Type           : Worst-case th
Slack          : N/A
Required Time  : None
Actual Time    : -3.815 ns
From           : rs232_rx
To             : my_uart_top:UART|my_uart_rx:receiver|rs232_rx0
From Clock     : --
To Clock       : clk
Failed Paths   : 0

Type           : Clock Setup: 'clk'
Slack          : N/A
Required Time  : None
Actual Time    : 24.38 MHz ( period = 41.018 ns )
From           : kalkulator_top_level:KALKULATOR|kalkulatorKPK:kpk|kpk:proc3|regis:out_GCD|x_out[28]
To             : my_uart_top:UART|my_uart_tx:transmitter|tx_data_i[0]
From Clock     : clk
To Clock       : clk
Failed Paths   : 0

Type           : Clock Hold: 'clk'
Slack          : Not operational: Clock Skew > Data Delay
Required Time  : None
Actual Time    : N/A
From           : kalkulator_top_level:KALKULATOR|kalkulatorKPK:kpk|kpk:proc1|mux:initialYMUX|output_f[29]~reg0
To             : kalkulator_top_level:KALKULATOR|kalkulatorKPK:kpk|kpk:proc1|regis:Y_REG|x_out[29]
From Clock     : clk
To Clock       : clk
Failed Paths   : 708

Type           : Total number of failed paths
Slack          : 
Required Time  : 
Actual Time    : 
From           : 
To             : 
From Clock     : 
To Clock       : 
Failed Paths   : 708

--------------------------------------------------------------------------------------

